06-May-2026 10:13:44.755 INFO [main] org.apache.catalina.startup.VersionLoggerListener.log Server version name:   Apache Tomcat/10.1.53
06-May-2026 10:13:44.762 INFO [main] org.apache.catalina.startup.VersionLoggerListener.log Server built:          Mar 18 2026 13:50:42 UTC
06-May-2026 10:13:44.763 INFO [main] org.apache.catalina.startup.VersionLoggerListener.log Server version number: 10.1.53.0
06-May-2026 10:13:44.763 INFO [main] org.apache.catalina.startup.VersionLoggerListener.log OS Name:               Windows 11
06-May-2026 10:13:44.764 INFO [main] org.apache.catalina.startup.VersionLoggerListener.log OS Version:            10.0
06-May-2026 10:13:44.764 INFO [main] org.apache.catalina.startup.VersionLoggerListener.log Architecture:          amd64
06-May-2026 10:13:44.764 INFO [main] org.apache.catalina.startup.VersionLoggerListener.log Java Home:             C:\Program Files\Java\jdk-21
06-May-2026 10:13:44.764 INFO [main] org.apache.catalina.startup.VersionLoggerListener.log JVM Version:           21+35-LTS-2513
06-May-2026 10:13:44.766 INFO [main] org.apache.catalina.startup.VersionLoggerListener.log JVM Vendor:            Oracle Corporation
06-May-2026 10:13:44.766 INFO [main] org.apache.catalina.startup.VersionLoggerListener.log CATALINA_BASE:         E:\HUST\HomePS\tomcat
06-May-2026 10:13:44.766 INFO [main] org.apache.catalina.startup.VersionLoggerListener.log CATALINA_HOME:         E:\HUST\HomePS\tomcat
06-May-2026 10:13:44.777 INFO [main] org.apache.catalina.startup.VersionLoggerListener.log Command line argument: -Djava.util.logging.config.file=E:\HUST\HomePS\tomcat\conf\logging.properties
06-May-2026 10:13:44.778 INFO [main] org.apache.catalina.startup.VersionLoggerListener.log Command line argument: -Djava.util.logging.manager=org.apache.juli.ClassLoaderLogManager
06-May-2026 10:13:44.778 INFO [main] org.apache.catalina.startup.VersionLoggerListener.log Command line argument: -Djdk.tls.ephemeralDHKeySize=2048
06-May-2026 10:13:44.779 INFO [main] org.apache.catalina.startup.VersionLoggerListener.log Command line argument: -Djava.protocol.handler.pkgs=org.apache.catalina.webresources
06-May-2026 10:13:44.779 INFO [main] org.apache.catalina.startup.VersionLoggerListener.log Command line argument: -Dsun.io.useCanonCaches=false
06-May-2026 10:13:44.779 INFO [main] org.apache.catalina.startup.VersionLoggerListener.log Command line argument: --add-opens=java.base/java.lang=ALL-UNNAMED
06-May-2026 10:13:44.780 INFO [main] org.apache.catalina.startup.VersionLoggerListener.log Command line argument: --add-opens=java.base/java.lang.reflect=ALL-UNNAMED
06-May-2026 10:13:44.780 INFO [main] org.apache.catalina.startup.VersionLoggerListener.log Command line argument: --add-opens=java.base/java.io=ALL-UNNAMED
06-May-2026 10:13:44.781 INFO [main] org.apache.catalina.startup.VersionLoggerListener.log Command line argument: --add-opens=java.base/java.util=ALL-UNNAMED
06-May-2026 10:13:44.782 INFO [main] org.apache.catalina.startup.VersionLoggerListener.log Command line argument: --add-opens=java.base/java.util.concurrent=ALL-UNNAMED
06-May-2026 10:13:44.782 INFO [main] org.apache.catalina.startup.VersionLoggerListener.log Command line argument: --add-opens=java.rmi/sun.rmi.transport=ALL-UNNAMED
06-May-2026 10:13:44.783 INFO [main] org.apache.catalina.startup.VersionLoggerListener.log Command line argument: -Dcatalina.base=E:\HUST\HomePS\tomcat
06-May-2026 10:13:44.783 INFO [main] org.apache.catalina.startup.VersionLoggerListener.log Command line argument: -Dcatalina.home=E:\HUST\HomePS\tomcat
06-May-2026 10:13:44.783 INFO [main] org.apache.catalina.startup.VersionLoggerListener.log Command line argument: -Djava.io.tmpdir=E:\HUST\HomePS\tomcat\temp
06-May-2026 10:13:44.787 INFO [main] org.apache.catalina.core.AprLifecycleListener.lifecycleEvent Loaded Apache Tomcat Native library [2.0.14] using APR version [1.7.6].
06-May-2026 10:13:44.792 INFO [main] org.apache.catalina.core.AprLifecycleListener.initializeSSL OpenSSL successfully initialized [OpenSSL 3.5.5 27 Jan 2026]
06-May-2026 10:13:45.113 INFO [main] org.apache.coyote.AbstractProtocol.init Initializing ProtocolHandler ["http-nio-8080"]
06-May-2026 10:13:45.135 SEVERE [main] org.apache.catalina.util.LifecycleBase.handleSubClassException Failed to initialize component [Connector["http-nio-8080"]]
	org.apache.catalina.LifecycleException: Protocol handler initialization failed
		at org.apache.catalina.connector.Connector.initInternal(Connector.java:1084)
		at org.apache.catalina.util.LifecycleBase.init(LifecycleBase.java:122)
		at org.apache.catalina.core.StandardService.initInternal(StandardService.java:520)
		at org.apache.catalina.util.LifecycleBase.init(LifecycleBase.java:122)
		at org.apache.catalina.core.StandardServer.initInternal(StandardServer.java:955)
		at org.apache.catalina.util.LifecycleBase.init(LifecycleBase.java:122)
		at org.apache.catalina.startup.Catalina.load(Catalina.java:709)
		at org.apache.catalina.startup.Catalina.load(Catalina.java:732)
		at java.base/jdk.internal.reflect.DirectMethodHandleAccessor.invoke(DirectMethodHandleAccessor.java:103)
		at java.base/java.lang.reflect.Method.invoke(Method.java:580)
		at org.apache.catalina.startup.Bootstrap.load(Bootstrap.java:299)
		at org.apache.catalina.startup.Bootstrap.main(Bootstrap.java:472)
	Caused by: java.net.BindException: Address already in use: bind
		at java.base/sun.nio.ch.Net.bind0(Native Method)
		at java.base/sun.nio.ch.Net.bind(Net.java:565)
		at java.base/sun.nio.ch.ServerSocketChannelImpl.netBind(ServerSocketChannelImpl.java:344)
		at java.base/sun.nio.ch.ServerSocketChannelImpl.bind(ServerSocketChannelImpl.java:301)
		at org.apache.tomcat.util.net.NioEndpoint.initServerSocket(NioEndpoint.java:264)
		at org.apache.tomcat.util.net.NioEndpoint.bind(NioEndpoint.java:219)
		at org.apache.tomcat.util.net.AbstractEndpoint.bindWithCleanup(AbstractEndpoint.java:1432)
		at org.apache.tomcat.util.net.AbstractEndpoint.init(AbstractEndpoint.java:1445)
		at org.apache.coyote.AbstractProtocol.init(AbstractProtocol.java:633)
		at org.apache.coyote.http11.AbstractHttp11Protocol.init(AbstractHttp11Protocol.java:82)
		at org.apache.catalina.connector.Connector.initInternal(Connector.java:1082)
		... 11 more
06-May-2026 10:13:45.137 INFO [main] org.apache.catalina.startup.Catalina.load Server initialization in [605] milliseconds
06-May-2026 10:13:45.201 INFO [main] org.apache.catalina.core.StandardService.startInternal Starting service [Catalina]
06-May-2026 10:13:45.201 INFO [main] org.apache.catalina.core.StandardEngine.startInternal Starting Servlet engine: [Apache Tomcat/10.1.53]
06-May-2026 10:13:45.245 INFO [main] org.apache.catalina.startup.HostConfig.deployWAR Deploying web application archive [E:\HUST\HomePS\tomcat\webapps\HomePS.war]
06-May-2026 10:13:45.733 INFO [main] org.apache.jasper.servlet.TldScanner.scanJars At least one JAR was scanned for TLDs yet contained no TLDs. Enable debug logging for this logger for a complete list of JARs that were scanned but no TLDs were found in them. Skipping unneeded JARs during scanning can improve startup time and JSP compilation time.
06-May-2026 10:13:45.775 INFO [main] org.apache.catalina.startup.HostConfig.deployWAR Deployment of web application archive [E:\HUST\HomePS\tomcat\webapps\HomePS.war] has finished in [529] ms
06-May-2026 10:13:45.775 INFO [main] org.apache.catalina.startup.HostConfig.deployDirectory Deploying web application directory [E:\HUST\HomePS\tomcat\webapps\docs]
06-May-2026 10:13:45.799 INFO [main] org.apache.catalina.startup.HostConfig.deployDirectory Deployment of web application directory [E:\HUST\HomePS\tomcat\webapps\docs] has finished in [24] ms
06-May-2026 10:13:45.799 INFO [main] org.apache.catalina.startup.HostConfig.deployDirectory Deploying web application directory [E:\HUST\HomePS\tomcat\webapps\examples]
06-May-2026 10:13:46.020 INFO [main] org.apache.catalina.startup.HostConfig.deployDirectory Deployment of web application directory [E:\HUST\HomePS\tomcat\webapps\examples] has finished in [221] ms
06-May-2026 10:13:46.021 INFO [main] org.apache.catalina.startup.HostConfig.deployDirectory Deploying web application directory [E:\HUST\HomePS\tomcat\webapps\host-manager]
06-May-2026 10:13:46.053 INFO [main] org.apache.catalina.startup.HostConfig.deployDirectory Deployment of web application directory [E:\HUST\HomePS\tomcat\webapps\host-manager] has finished in [31] ms
06-May-2026 10:13:46.053 INFO [main] org.apache.catalina.startup.HostConfig.deployDirectory Deploying web application directory [E:\HUST\HomePS\tomcat\webapps\manager]
06-May-2026 10:13:46.074 INFO [main] org.apache.catalina.startup.HostConfig.deployDirectory Deployment of web application directory [E:\HUST\HomePS\tomcat\webapps\manager] has finished in [21] ms
06-May-2026 10:13:46.075 INFO [main] org.apache.catalina.startup.HostConfig.deployDirectory Deploying web application directory [E:\HUST\HomePS\tomcat\webapps\ROOT]
06-May-2026 10:13:46.089 INFO [main] org.apache.catalina.startup.HostConfig.deployDirectory Deployment of web application directory [E:\HUST\HomePS\tomcat\webapps\ROOT] has finished in [14] ms
06-May-2026 10:13:46.096 INFO [main] org.apache.catalina.startup.Catalina.start Server startup in [958] milliseconds
