04-Apr-2026 21:30:29.157 INFO [main] org.apache.catalina.startup.VersionLoggerListener.log Server version name:   Apache Tomcat/10.1.53
04-Apr-2026 21:30:29.164 INFO [main] org.apache.catalina.startup.VersionLoggerListener.log Server built:          Mar 18 2026 13:50:42 UTC
04-Apr-2026 21:30:29.164 INFO [main] org.apache.catalina.startup.VersionLoggerListener.log Server version number: 10.1.53.0
04-Apr-2026 21:30:29.164 INFO [main] org.apache.catalina.startup.VersionLoggerListener.log OS Name:               Windows 11
04-Apr-2026 21:30:29.164 INFO [main] org.apache.catalina.startup.VersionLoggerListener.log OS Version:            10.0
04-Apr-2026 21:30:29.164 INFO [main] org.apache.catalina.startup.VersionLoggerListener.log Architecture:          amd64
04-Apr-2026 21:30:29.168 INFO [main] org.apache.catalina.startup.VersionLoggerListener.log Java Home:             C:\Program Files\Java\jdk-21
04-Apr-2026 21:30:29.168 INFO [main] org.apache.catalina.startup.VersionLoggerListener.log JVM Version:           21+35-LTS-2513
04-Apr-2026 21:30:29.168 INFO [main] org.apache.catalina.startup.VersionLoggerListener.log JVM Vendor:            Oracle Corporation
04-Apr-2026 21:30:29.168 INFO [main] org.apache.catalina.startup.VersionLoggerListener.log CATALINA_BASE:         E:\HUST\HomePS\tomcat
04-Apr-2026 21:30:29.168 INFO [main] org.apache.catalina.startup.VersionLoggerListener.log CATALINA_HOME:         E:\HUST\HomePS\tomcat
04-Apr-2026 21:30:29.179 INFO [main] org.apache.catalina.startup.VersionLoggerListener.log Command line argument: -Djava.util.logging.config.file=E:\HUST\HomePS\tomcat\conf\logging.properties
04-Apr-2026 21:30:29.179 INFO [main] org.apache.catalina.startup.VersionLoggerListener.log Command line argument: -Djava.util.logging.manager=org.apache.juli.ClassLoaderLogManager
04-Apr-2026 21:30:29.179 INFO [main] org.apache.catalina.startup.VersionLoggerListener.log Command line argument: -Djdk.tls.ephemeralDHKeySize=2048
04-Apr-2026 21:30:29.179 INFO [main] org.apache.catalina.startup.VersionLoggerListener.log Command line argument: -Djava.protocol.handler.pkgs=org.apache.catalina.webresources
04-Apr-2026 21:30:29.179 INFO [main] org.apache.catalina.startup.VersionLoggerListener.log Command line argument: -Dsun.io.useCanonCaches=false
04-Apr-2026 21:30:29.179 INFO [main] org.apache.catalina.startup.VersionLoggerListener.log Command line argument: --add-opens=java.base/java.lang=ALL-UNNAMED
04-Apr-2026 21:30:29.182 INFO [main] org.apache.catalina.startup.VersionLoggerListener.log Command line argument: --add-opens=java.base/java.lang.reflect=ALL-UNNAMED
04-Apr-2026 21:30:29.182 INFO [main] org.apache.catalina.startup.VersionLoggerListener.log Command line argument: --add-opens=java.base/java.io=ALL-UNNAMED
04-Apr-2026 21:30:29.182 INFO [main] org.apache.catalina.startup.VersionLoggerListener.log Command line argument: --add-opens=java.base/java.util=ALL-UNNAMED
04-Apr-2026 21:30:29.184 INFO [main] org.apache.catalina.startup.VersionLoggerListener.log Command line argument: --add-opens=java.base/java.util.concurrent=ALL-UNNAMED
04-Apr-2026 21:30:29.184 INFO [main] org.apache.catalina.startup.VersionLoggerListener.log Command line argument: --add-opens=java.rmi/sun.rmi.transport=ALL-UNNAMED
04-Apr-2026 21:30:29.184 INFO [main] org.apache.catalina.startup.VersionLoggerListener.log Command line argument: -Dcatalina.base=E:\HUST\HomePS\tomcat
04-Apr-2026 21:30:29.184 INFO [main] org.apache.catalina.startup.VersionLoggerListener.log Command line argument: -Dcatalina.home=E:\HUST\HomePS\tomcat
04-Apr-2026 21:30:29.184 INFO [main] org.apache.catalina.startup.VersionLoggerListener.log Command line argument: -Djava.io.tmpdir=E:\HUST\HomePS\tomcat\temp
04-Apr-2026 21:30:29.324 INFO [main] org.apache.catalina.core.AprLifecycleListener.lifecycleEvent Loaded Apache Tomcat Native library [2.0.14] using APR version [1.7.6].
04-Apr-2026 21:30:29.334 INFO [main] org.apache.catalina.core.AprLifecycleListener.initializeSSL OpenSSL successfully initialized [OpenSSL 3.5.5 27 Jan 2026]
04-Apr-2026 21:30:29.757 INFO [main] org.apache.coyote.AbstractProtocol.init Initializing ProtocolHandler ["http-nio-8080"]
04-Apr-2026 21:30:29.794 INFO [main] org.apache.catalina.startup.Catalina.load Server initialization in [828] milliseconds
04-Apr-2026 21:30:29.914 INFO [main] org.apache.catalina.core.StandardService.startInternal Starting service [Catalina]
04-Apr-2026 21:30:29.914 INFO [main] org.apache.catalina.core.StandardEngine.startInternal Starting Servlet engine: [Apache Tomcat/10.1.53]
04-Apr-2026 21:30:29.984 INFO [main] org.apache.catalina.startup.HostConfig.deployWAR Deploying web application archive [E:\HUST\HomePS\tomcat\webapps\HomePS.war]
04-Apr-2026 21:30:30.014 INFO [main] org.apache.catalina.startup.ExpandWar.expand An expanded directory [E:\HUST\HomePS\tomcat\webapps\HomePS] was found with a last modified time that did not match the associated WAR. It will be deleted.
04-Apr-2026 21:30:31.137 INFO [main] org.apache.jasper.servlet.TldScanner.scanJars At least one JAR was scanned for TLDs yet contained no TLDs. Enable debug logging for this logger for a complete list of JARs that were scanned but no TLDs were found in them. Skipping unneeded JARs during scanning can improve startup time and JSP compilation time.
04-Apr-2026 21:30:31.236 INFO [main] org.apache.catalina.startup.HostConfig.deployWAR Deployment of web application archive [E:\HUST\HomePS\tomcat\webapps\HomePS.war] has finished in [1,252] ms
04-Apr-2026 21:30:31.244 INFO [main] org.apache.catalina.startup.HostConfig.deployDirectory Deploying web application directory [E:\HUST\HomePS\tomcat\webapps\docs]
04-Apr-2026 21:30:31.266 INFO [main] org.apache.catalina.startup.HostConfig.deployDirectory Deployment of web application directory [E:\HUST\HomePS\tomcat\webapps\docs] has finished in [30] ms
04-Apr-2026 21:30:31.266 INFO [main] org.apache.catalina.startup.HostConfig.deployDirectory Deploying web application directory [E:\HUST\HomePS\tomcat\webapps\examples]
04-Apr-2026 21:30:32.209 INFO [main] org.apache.catalina.startup.HostConfig.deployDirectory Deployment of web application directory [E:\HUST\HomePS\tomcat\webapps\examples] has finished in [943] ms
04-Apr-2026 21:30:32.209 INFO [main] org.apache.catalina.startup.HostConfig.deployDirectory Deploying web application directory [E:\HUST\HomePS\tomcat\webapps\host-manager]
04-Apr-2026 21:30:32.246 INFO [main] org.apache.catalina.startup.HostConfig.deployDirectory Deployment of web application directory [E:\HUST\HomePS\tomcat\webapps\host-manager] has finished in [35] ms
04-Apr-2026 21:30:32.246 INFO [main] org.apache.catalina.startup.HostConfig.deployDirectory Deploying web application directory [E:\HUST\HomePS\tomcat\webapps\manager]
04-Apr-2026 21:30:32.268 INFO [main] org.apache.catalina.startup.HostConfig.deployDirectory Deployment of web application directory [E:\HUST\HomePS\tomcat\webapps\manager] has finished in [22] ms
04-Apr-2026 21:30:32.268 INFO [main] org.apache.catalina.startup.HostConfig.deployDirectory Deploying web application directory [E:\HUST\HomePS\tomcat\webapps\ROOT]
04-Apr-2026 21:30:32.286 INFO [main] org.apache.catalina.startup.HostConfig.deployDirectory Deployment of web application directory [E:\HUST\HomePS\tomcat\webapps\ROOT] has finished in [18] ms
04-Apr-2026 21:30:32.286 INFO [main] org.apache.coyote.AbstractProtocol.start Starting ProtocolHandler ["http-nio-8080"]
04-Apr-2026 21:30:32.312 INFO [main] org.apache.catalina.startup.Catalina.start Server startup in [2516] milliseconds
