02-Apr-2026 23:22:29.893 INFO [main] org.apache.catalina.startup.VersionLoggerListener.log Server version name:   Apache Tomcat/10.1.53
02-Apr-2026 23:22:29.898 INFO [main] org.apache.catalina.startup.VersionLoggerListener.log Server built:          Mar 18 2026 13:50:42 UTC
02-Apr-2026 23:22:29.899 INFO [main] org.apache.catalina.startup.VersionLoggerListener.log Server version number: 10.1.53.0
02-Apr-2026 23:22:29.900 INFO [main] org.apache.catalina.startup.VersionLoggerListener.log OS Name:               Windows 11
02-Apr-2026 23:22:29.901 INFO [main] org.apache.catalina.startup.VersionLoggerListener.log OS Version:            10.0
02-Apr-2026 23:22:29.901 INFO [main] org.apache.catalina.startup.VersionLoggerListener.log Architecture:          amd64
02-Apr-2026 23:22:29.901 INFO [main] org.apache.catalina.startup.VersionLoggerListener.log Java Home:             C:\Program Files\Java\jdk-21
02-Apr-2026 23:22:29.902 INFO [main] org.apache.catalina.startup.VersionLoggerListener.log JVM Version:           21+35-LTS-2513
02-Apr-2026 23:22:29.902 INFO [main] org.apache.catalina.startup.VersionLoggerListener.log JVM Vendor:            Oracle Corporation
02-Apr-2026 23:22:29.902 INFO [main] org.apache.catalina.startup.VersionLoggerListener.log CATALINA_BASE:         C:\tomcat
02-Apr-2026 23:22:29.902 INFO [main] org.apache.catalina.startup.VersionLoggerListener.log CATALINA_HOME:         C:\tomcat
02-Apr-2026 23:22:30.048 INFO [main] org.apache.catalina.startup.VersionLoggerListener.log Command line argument: -Djava.util.logging.config.file=C:\tomcat\conf\logging.properties
02-Apr-2026 23:22:30.049 INFO [main] org.apache.catalina.startup.VersionLoggerListener.log Command line argument: -Djava.util.logging.manager=org.apache.juli.ClassLoaderLogManager
02-Apr-2026 23:22:30.049 INFO [main] org.apache.catalina.startup.VersionLoggerListener.log Command line argument: -Djdk.tls.ephemeralDHKeySize=2048
02-Apr-2026 23:22:30.049 INFO [main] org.apache.catalina.startup.VersionLoggerListener.log Command line argument: -Djava.protocol.handler.pkgs=org.apache.catalina.webresources
02-Apr-2026 23:22:30.049 INFO [main] org.apache.catalina.startup.VersionLoggerListener.log Command line argument: -Dsun.io.useCanonCaches=false
02-Apr-2026 23:22:30.049 INFO [main] org.apache.catalina.startup.VersionLoggerListener.log Command line argument: --add-opens=java.base/java.lang=ALL-UNNAMED
02-Apr-2026 23:22:30.050 INFO [main] org.apache.catalina.startup.VersionLoggerListener.log Command line argument: --add-opens=java.base/java.lang.reflect=ALL-UNNAMED
02-Apr-2026 23:22:30.050 INFO [main] org.apache.catalina.startup.VersionLoggerListener.log Command line argument: --add-opens=java.base/java.io=ALL-UNNAMED
02-Apr-2026 23:22:30.051 INFO [main] org.apache.catalina.startup.VersionLoggerListener.log Command line argument: --add-opens=java.base/java.util=ALL-UNNAMED
02-Apr-2026 23:22:30.051 INFO [main] org.apache.catalina.startup.VersionLoggerListener.log Command line argument: --add-opens=java.base/java.util.concurrent=ALL-UNNAMED
02-Apr-2026 23:22:30.051 INFO [main] org.apache.catalina.startup.VersionLoggerListener.log Command line argument: --add-opens=java.rmi/sun.rmi.transport=ALL-UNNAMED
02-Apr-2026 23:22:30.052 INFO [main] org.apache.catalina.startup.VersionLoggerListener.log Command line argument: -Dcatalina.base=C:\tomcat
02-Apr-2026 23:22:30.052 INFO [main] org.apache.catalina.startup.VersionLoggerListener.log Command line argument: -Dcatalina.home=C:\tomcat
02-Apr-2026 23:22:30.052 INFO [main] org.apache.catalina.startup.VersionLoggerListener.log Command line argument: -Djava.io.tmpdir=C:\tomcat\temp
02-Apr-2026 23:22:30.057 INFO [main] org.apache.catalina.core.AprLifecycleListener.lifecycleEvent Loaded Apache Tomcat Native library [2.0.14] using APR version [1.7.6].
02-Apr-2026 23:22:30.069 INFO [main] org.apache.catalina.core.AprLifecycleListener.initializeSSL OpenSSL successfully initialized [OpenSSL 3.5.5 27 Jan 2026]
02-Apr-2026 23:22:30.306 INFO [main] org.apache.coyote.AbstractProtocol.init Initializing ProtocolHandler ["http-nio-8080"]
02-Apr-2026 23:22:30.328 INFO [main] org.apache.catalina.startup.Catalina.load Server initialization in [609] milliseconds
02-Apr-2026 23:22:30.399 INFO [main] org.apache.catalina.core.StandardService.startInternal Starting service [Catalina]
02-Apr-2026 23:22:30.399 INFO [main] org.apache.catalina.core.StandardEngine.startInternal Starting Servlet engine: [Apache Tomcat/10.1.53]
02-Apr-2026 23:22:30.462 INFO [main] org.apache.catalina.startup.HostConfig.deployWAR Deploying web application archive [C:\tomcat\webapps\HomePS.war]
02-Apr-2026 23:22:31.199 INFO [main] org.apache.jasper.servlet.TldScanner.scanJars At least one JAR was scanned for TLDs yet contained no TLDs. Enable debug logging for this logger for a complete list of JARs that were scanned but no TLDs were found in them. Skipping unneeded JARs during scanning can improve startup time and JSP compilation time.
02-Apr-2026 23:22:31.263 INFO [main] org.apache.catalina.startup.HostConfig.deployWAR Deployment of web application archive [C:\tomcat\webapps\HomePS.war] has finished in [801] ms
02-Apr-2026 23:22:31.263 INFO [main] org.apache.catalina.startup.HostConfig.deployDirectory Deploying web application directory [C:\tomcat\webapps\docs]
02-Apr-2026 23:22:31.305 INFO [main] org.apache.catalina.startup.HostConfig.deployDirectory Deployment of web application directory [C:\tomcat\webapps\docs] has finished in [42] ms
02-Apr-2026 23:22:31.306 INFO [main] org.apache.catalina.startup.HostConfig.deployDirectory Deploying web application directory [C:\tomcat\webapps\examples]
02-Apr-2026 23:22:32.334 INFO [main] org.apache.catalina.startup.HostConfig.deployDirectory Deployment of web application directory [C:\tomcat\webapps\examples] has finished in [1,027] ms
02-Apr-2026 23:22:32.334 INFO [main] org.apache.catalina.startup.HostConfig.deployDirectory Deploying web application directory [C:\tomcat\webapps\host-manager]
02-Apr-2026 23:22:32.378 INFO [main] org.apache.catalina.startup.HostConfig.deployDirectory Deployment of web application directory [C:\tomcat\webapps\host-manager] has finished in [44] ms
02-Apr-2026 23:22:32.378 INFO [main] org.apache.catalina.startup.HostConfig.deployDirectory Deploying web application directory [C:\tomcat\webapps\manager]
02-Apr-2026 23:22:32.423 INFO [main] org.apache.catalina.startup.HostConfig.deployDirectory Deployment of web application directory [C:\tomcat\webapps\manager] has finished in [45] ms
02-Apr-2026 23:22:32.424 INFO [main] org.apache.catalina.startup.HostConfig.deployDirectory Deploying web application directory [C:\tomcat\webapps\ROOT]
02-Apr-2026 23:22:32.451 INFO [main] org.apache.catalina.startup.HostConfig.deployDirectory Deployment of web application directory [C:\tomcat\webapps\ROOT] has finished in [28] ms
02-Apr-2026 23:22:32.454 INFO [main] org.apache.coyote.AbstractProtocol.start Starting ProtocolHandler ["http-nio-8080"]
02-Apr-2026 23:22:32.475 INFO [main] org.apache.catalina.startup.Catalina.start Server startup in [2144] milliseconds
02-Apr-2026 23:28:03.315 INFO [main] org.apache.catalina.startup.VersionLoggerListener.log Server version name:   Apache Tomcat/10.1.53
02-Apr-2026 23:28:03.318 INFO [main] org.apache.catalina.startup.VersionLoggerListener.log Server built:          Mar 18 2026 13:50:42 UTC
02-Apr-2026 23:28:03.319 INFO [main] org.apache.catalina.startup.VersionLoggerListener.log Server version number: 10.1.53.0
02-Apr-2026 23:28:03.319 INFO [main] org.apache.catalina.startup.VersionLoggerListener.log OS Name:               Windows 11
02-Apr-2026 23:28:03.319 INFO [main] org.apache.catalina.startup.VersionLoggerListener.log OS Version:            10.0
02-Apr-2026 23:28:03.319 INFO [main] org.apache.catalina.startup.VersionLoggerListener.log Architecture:          amd64
02-Apr-2026 23:28:03.319 INFO [main] org.apache.catalina.startup.VersionLoggerListener.log Java Home:             C:\Program Files\Java\jdk-21
02-Apr-2026 23:28:03.320 INFO [main] org.apache.catalina.startup.VersionLoggerListener.log JVM Version:           21+35-LTS-2513
02-Apr-2026 23:28:03.320 INFO [main] org.apache.catalina.startup.VersionLoggerListener.log JVM Vendor:            Oracle Corporation
02-Apr-2026 23:28:03.320 INFO [main] org.apache.catalina.startup.VersionLoggerListener.log CATALINA_BASE:         C:\tomcat
02-Apr-2026 23:28:03.320 INFO [main] org.apache.catalina.startup.VersionLoggerListener.log CATALINA_HOME:         C:\tomcat
02-Apr-2026 23:28:03.328 INFO [main] org.apache.catalina.startup.VersionLoggerListener.log Command line argument: -Djava.util.logging.config.file=C:\tomcat\conf\logging.properties
02-Apr-2026 23:28:03.328 INFO [main] org.apache.catalina.startup.VersionLoggerListener.log Command line argument: -Djava.util.logging.manager=org.apache.juli.ClassLoaderLogManager
02-Apr-2026 23:28:03.328 INFO [main] org.apache.catalina.startup.VersionLoggerListener.log Command line argument: -Djdk.tls.ephemeralDHKeySize=2048
02-Apr-2026 23:28:03.328 INFO [main] org.apache.catalina.startup.VersionLoggerListener.log Command line argument: -Djava.protocol.handler.pkgs=org.apache.catalina.webresources
02-Apr-2026 23:28:03.329 INFO [main] org.apache.catalina.startup.VersionLoggerListener.log Command line argument: -Dsun.io.useCanonCaches=false
02-Apr-2026 23:28:03.329 INFO [main] org.apache.catalina.startup.VersionLoggerListener.log Command line argument: --add-opens=java.base/java.lang=ALL-UNNAMED
02-Apr-2026 23:28:03.329 INFO [main] org.apache.catalina.startup.VersionLoggerListener.log Command line argument: --add-opens=java.base/java.lang.reflect=ALL-UNNAMED
02-Apr-2026 23:28:03.329 INFO [main] org.apache.catalina.startup.VersionLoggerListener.log Command line argument: --add-opens=java.base/java.io=ALL-UNNAMED
02-Apr-2026 23:28:03.330 INFO [main] org.apache.catalina.startup.VersionLoggerListener.log Command line argument: --add-opens=java.base/java.util=ALL-UNNAMED
02-Apr-2026 23:28:03.330 INFO [main] org.apache.catalina.startup.VersionLoggerListener.log Command line argument: --add-opens=java.base/java.util.concurrent=ALL-UNNAMED
02-Apr-2026 23:28:03.330 INFO [main] org.apache.catalina.startup.VersionLoggerListener.log Command line argument: --add-opens=java.rmi/sun.rmi.transport=ALL-UNNAMED
02-Apr-2026 23:28:03.330 INFO [main] org.apache.catalina.startup.VersionLoggerListener.log Command line argument: -Dcatalina.base=C:\tomcat
02-Apr-2026 23:28:03.330 INFO [main] org.apache.catalina.startup.VersionLoggerListener.log Command line argument: -Dcatalina.home=C:\tomcat
02-Apr-2026 23:28:03.330 INFO [main] org.apache.catalina.startup.VersionLoggerListener.log Command line argument: -Djava.io.tmpdir=C:\tomcat\temp
02-Apr-2026 23:28:03.333 INFO [main] org.apache.catalina.core.AprLifecycleListener.lifecycleEvent Loaded Apache Tomcat Native library [2.0.14] using APR version [1.7.6].
02-Apr-2026 23:28:03.337 INFO [main] org.apache.catalina.core.AprLifecycleListener.initializeSSL OpenSSL successfully initialized [OpenSSL 3.5.5 27 Jan 2026]
02-Apr-2026 23:28:03.539 INFO [main] org.apache.coyote.AbstractProtocol.init Initializing ProtocolHandler ["http-nio-8080"]
02-Apr-2026 23:28:03.559 INFO [main] org.apache.catalina.startup.Catalina.load Server initialization in [389] milliseconds
02-Apr-2026 23:28:03.630 INFO [main] org.apache.catalina.core.StandardService.startInternal Starting service [Catalina]
02-Apr-2026 23:28:03.630 INFO [main] org.apache.catalina.core.StandardEngine.startInternal Starting Servlet engine: [Apache Tomcat/10.1.53]
02-Apr-2026 23:28:03.653 INFO [main] org.apache.catalina.startup.HostConfig.deployWAR Deploying web application archive [C:\tomcat\webapps\HomePS.war]
02-Apr-2026 23:28:04.318 INFO [main] org.apache.jasper.servlet.TldScanner.scanJars At least one JAR was scanned for TLDs yet contained no TLDs. Enable debug logging for this logger for a complete list of JARs that were scanned but no TLDs were found in them. Skipping unneeded JARs during scanning can improve startup time and JSP compilation time.
02-Apr-2026 23:28:04.388 INFO [main] org.apache.catalina.startup.HostConfig.deployWAR Deployment of web application archive [C:\tomcat\webapps\HomePS.war] has finished in [735] ms
02-Apr-2026 23:28:04.389 INFO [main] org.apache.catalina.startup.HostConfig.deployDirectory Deploying web application directory [C:\tomcat\webapps\docs]
02-Apr-2026 23:28:04.418 INFO [main] org.apache.catalina.startup.HostConfig.deployDirectory Deployment of web application directory [C:\tomcat\webapps\docs] has finished in [29] ms
02-Apr-2026 23:28:04.418 INFO [main] org.apache.catalina.startup.HostConfig.deployDirectory Deploying web application directory [C:\tomcat\webapps\examples]
02-Apr-2026 23:28:04.685 INFO [main] org.apache.catalina.startup.HostConfig.deployDirectory Deployment of web application directory [C:\tomcat\webapps\examples] has finished in [267] ms
02-Apr-2026 23:28:04.686 INFO [main] org.apache.catalina.startup.HostConfig.deployDirectory Deploying web application directory [C:\tomcat\webapps\host-manager]
02-Apr-2026 23:28:04.713 INFO [main] org.apache.catalina.startup.HostConfig.deployDirectory Deployment of web application directory [C:\tomcat\webapps\host-manager] has finished in [27] ms
02-Apr-2026 23:28:04.713 INFO [main] org.apache.catalina.startup.HostConfig.deployDirectory Deploying web application directory [C:\tomcat\webapps\manager]
02-Apr-2026 23:28:04.739 INFO [main] org.apache.catalina.startup.HostConfig.deployDirectory Deployment of web application directory [C:\tomcat\webapps\manager] has finished in [26] ms
02-Apr-2026 23:28:04.739 INFO [main] org.apache.catalina.startup.HostConfig.deployDirectory Deploying web application directory [C:\tomcat\webapps\ROOT]
02-Apr-2026 23:28:04.757 INFO [main] org.apache.catalina.startup.HostConfig.deployDirectory Deployment of web application directory [C:\tomcat\webapps\ROOT] has finished in [17] ms
02-Apr-2026 23:28:04.760 INFO [main] org.apache.coyote.AbstractProtocol.start Starting ProtocolHandler ["http-nio-8080"]
02-Apr-2026 23:28:04.778 INFO [main] org.apache.catalina.startup.Catalina.start Server startup in [1217] milliseconds
02-Apr-2026 23:32:24.284 SEVERE [main] org.apache.catalina.startup.Catalina.stopServer Could not contact [localhost:8005] (base port [8005] and offset [0]). Tomcat may not be running.
02-Apr-2026 23:32:24.288 SEVERE [main] org.apache.catalina.startup.Catalina.stopServer Error stopping Catalina
	java.net.ConnectException: Connection refused: connect
		at java.base/sun.nio.ch.Net.connect0(Native Method)
		at java.base/sun.nio.ch.Net.connect(Net.java:589)
		at java.base/sun.nio.ch.Net.connect(Net.java:578)
		at java.base/sun.nio.ch.NioSocketImpl.connect(NioSocketImpl.java:583)
		at java.base/java.net.SocksSocketImpl.connect(SocksSocketImpl.java:327)
		at java.base/java.net.Socket.connect(Socket.java:751)
		at java.base/java.net.Socket.connect(Socket.java:686)
		at java.base/java.net.Socket.<init>(Socket.java:555)
		at java.base/java.net.Socket.<init>(Socket.java:324)
		at org.apache.catalina.startup.Catalina.stopServer(Catalina.java:654)
		at java.base/jdk.internal.reflect.DirectMethodHandleAccessor.invoke(DirectMethodHandleAccessor.java:103)
		at java.base/java.lang.reflect.Method.invoke(Method.java:580)
		at org.apache.catalina.startup.Bootstrap.stopServer(Bootstrap.java:390)
		at org.apache.catalina.startup.Bootstrap.main(Bootstrap.java:479)
02-Apr-2026 23:34:11.847 INFO [main] org.apache.catalina.startup.VersionLoggerListener.log Server version name:   Apache Tomcat/10.1.53
02-Apr-2026 23:34:11.851 INFO [main] org.apache.catalina.startup.VersionLoggerListener.log Server built:          Mar 18 2026 13:50:42 UTC
02-Apr-2026 23:34:11.851 INFO [main] org.apache.catalina.startup.VersionLoggerListener.log Server version number: 10.1.53.0
02-Apr-2026 23:34:11.852 INFO [main] org.apache.catalina.startup.VersionLoggerListener.log OS Name:               Windows 11
02-Apr-2026 23:34:11.852 INFO [main] org.apache.catalina.startup.VersionLoggerListener.log OS Version:            10.0
02-Apr-2026 23:34:11.852 INFO [main] org.apache.catalina.startup.VersionLoggerListener.log Architecture:          amd64
02-Apr-2026 23:34:11.852 INFO [main] org.apache.catalina.startup.VersionLoggerListener.log Java Home:             C:\Program Files\Java\jdk-21
02-Apr-2026 23:34:11.853 INFO [main] org.apache.catalina.startup.VersionLoggerListener.log JVM Version:           21+35-LTS-2513
02-Apr-2026 23:34:11.853 INFO [main] org.apache.catalina.startup.VersionLoggerListener.log JVM Vendor:            Oracle Corporation
02-Apr-2026 23:34:11.854 INFO [main] org.apache.catalina.startup.VersionLoggerListener.log CATALINA_BASE:         C:\tomcat
02-Apr-2026 23:34:11.854 INFO [main] org.apache.catalina.startup.VersionLoggerListener.log CATALINA_HOME:         C:\tomcat
02-Apr-2026 23:34:11.862 INFO [main] org.apache.catalina.startup.VersionLoggerListener.log Command line argument: -Djava.util.logging.config.file=C:\tomcat\conf\logging.properties
02-Apr-2026 23:34:11.862 INFO [main] org.apache.catalina.startup.VersionLoggerListener.log Command line argument: -Djava.util.logging.manager=org.apache.juli.ClassLoaderLogManager
02-Apr-2026 23:34:11.862 INFO [main] org.apache.catalina.startup.VersionLoggerListener.log Command line argument: -Djdk.tls.ephemeralDHKeySize=2048
02-Apr-2026 23:34:11.862 INFO [main] org.apache.catalina.startup.VersionLoggerListener.log Command line argument: -Djava.protocol.handler.pkgs=org.apache.catalina.webresources
02-Apr-2026 23:34:11.863 INFO [main] org.apache.catalina.startup.VersionLoggerListener.log Command line argument: -Dsun.io.useCanonCaches=false
02-Apr-2026 23:34:11.863 INFO [main] org.apache.catalina.startup.VersionLoggerListener.log Command line argument: --add-opens=java.base/java.lang=ALL-UNNAMED
02-Apr-2026 23:34:11.863 INFO [main] org.apache.catalina.startup.VersionLoggerListener.log Command line argument: --add-opens=java.base/java.lang.reflect=ALL-UNNAMED
02-Apr-2026 23:34:11.863 INFO [main] org.apache.catalina.startup.VersionLoggerListener.log Command line argument: --add-opens=java.base/java.io=ALL-UNNAMED
02-Apr-2026 23:34:11.863 INFO [main] org.apache.catalina.startup.VersionLoggerListener.log Command line argument: --add-opens=java.base/java.util=ALL-UNNAMED
02-Apr-2026 23:34:11.864 INFO [main] org.apache.catalina.startup.VersionLoggerListener.log Command line argument: --add-opens=java.base/java.util.concurrent=ALL-UNNAMED
02-Apr-2026 23:34:11.864 INFO [main] org.apache.catalina.startup.VersionLoggerListener.log Command line argument: --add-opens=java.rmi/sun.rmi.transport=ALL-UNNAMED
02-Apr-2026 23:34:11.864 INFO [main] org.apache.catalina.startup.VersionLoggerListener.log Command line argument: -Dcatalina.base=C:\tomcat
02-Apr-2026 23:34:11.864 INFO [main] org.apache.catalina.startup.VersionLoggerListener.log Command line argument: -Dcatalina.home=C:\tomcat
02-Apr-2026 23:34:11.864 INFO [main] org.apache.catalina.startup.VersionLoggerListener.log Command line argument: -Djava.io.tmpdir=C:\tomcat\temp
02-Apr-2026 23:34:11.867 INFO [main] org.apache.catalina.core.AprLifecycleListener.lifecycleEvent Loaded Apache Tomcat Native library [2.0.14] using APR version [1.7.6].
02-Apr-2026 23:34:11.871 INFO [main] org.apache.catalina.core.AprLifecycleListener.initializeSSL OpenSSL successfully initialized [OpenSSL 3.5.5 27 Jan 2026]
02-Apr-2026 23:34:12.066 INFO [main] org.apache.coyote.AbstractProtocol.init Initializing ProtocolHandler ["http-nio-8080"]
02-Apr-2026 23:34:12.085 INFO [main] org.apache.catalina.startup.Catalina.load Server initialization in [370] milliseconds
02-Apr-2026 23:34:12.155 INFO [main] org.apache.catalina.core.StandardService.startInternal Starting service [Catalina]
02-Apr-2026 23:34:12.156 INFO [main] org.apache.catalina.core.StandardEngine.startInternal Starting Servlet engine: [Apache Tomcat/10.1.53]
02-Apr-2026 23:34:12.218 INFO [main] org.apache.catalina.startup.HostConfig.deployWAR Deploying web application archive [C:\tomcat\webapps\HomePS.war]
02-Apr-2026 23:34:12.236 INFO [main] org.apache.catalina.startup.ExpandWar.expand An expanded directory [C:\tomcat\webapps\HomePS] was found with a last modified time that did not match the associated WAR. It will be deleted.
02-Apr-2026 23:34:12.970 INFO [main] org.apache.jasper.servlet.TldScanner.scanJars At least one JAR was scanned for TLDs yet contained no TLDs. Enable debug logging for this logger for a complete list of JARs that were scanned but no TLDs were found in them. Skipping unneeded JARs during scanning can improve startup time and JSP compilation time.
02-Apr-2026 23:34:13.041 INFO [main] org.apache.catalina.startup.HostConfig.deployWAR Deployment of web application archive [C:\tomcat\webapps\HomePS.war] has finished in [822] ms
02-Apr-2026 23:34:13.042 INFO [main] org.apache.catalina.startup.HostConfig.deployDirectory Deploying web application directory [C:\tomcat\webapps\docs]
02-Apr-2026 23:34:13.065 INFO [main] org.apache.catalina.startup.HostConfig.deployDirectory Deployment of web application directory [C:\tomcat\webapps\docs] has finished in [23] ms
02-Apr-2026 23:34:13.066 INFO [main] org.apache.catalina.startup.HostConfig.deployDirectory Deploying web application directory [C:\tomcat\webapps\examples]
02-Apr-2026 23:34:13.328 INFO [main] org.apache.catalina.startup.HostConfig.deployDirectory Deployment of web application directory [C:\tomcat\webapps\examples] has finished in [262] ms
02-Apr-2026 23:34:13.328 INFO [main] org.apache.catalina.startup.HostConfig.deployDirectory Deploying web application directory [C:\tomcat\webapps\host-manager]
02-Apr-2026 23:34:13.353 INFO [main] org.apache.catalina.startup.HostConfig.deployDirectory Deployment of web application directory [C:\tomcat\webapps\host-manager] has finished in [25] ms
02-Apr-2026 23:34:13.354 INFO [main] org.apache.catalina.startup.HostConfig.deployDirectory Deploying web application directory [C:\tomcat\webapps\manager]
02-Apr-2026 23:34:13.377 INFO [main] org.apache.catalina.startup.HostConfig.deployDirectory Deployment of web application directory [C:\tomcat\webapps\manager] has finished in [23] ms
02-Apr-2026 23:34:13.377 INFO [main] org.apache.catalina.startup.HostConfig.deployDirectory Deploying web application directory [C:\tomcat\webapps\ROOT]
02-Apr-2026 23:34:13.395 INFO [main] org.apache.catalina.startup.HostConfig.deployDirectory Deployment of web application directory [C:\tomcat\webapps\ROOT] has finished in [18] ms
02-Apr-2026 23:34:13.399 INFO [main] org.apache.coyote.AbstractProtocol.start Starting ProtocolHandler ["http-nio-8080"]
02-Apr-2026 23:34:13.418 INFO [main] org.apache.catalina.startup.Catalina.start Server startup in [1330] milliseconds
